2025-11-09 18:58:53.997069: I tensorflow/core/util/port.cc:153] oneDNN custom operations are on. You may see slightly different numerical results due to floating-point round-off errors from different computation orders. To turn them off, set the environment variable `TF_ENABLE_ONEDNN_OPTS=0`.
2025-11-09 18:58:57.082177: I tensorflow/core/util/port.cc:153] oneDNN custom operations are on. You may see slightly different numerical results due to floating-point round-off errors from different computation orders. To turn them off, set the environment variable `TF_ENABLE_ONEDNN_OPTS=0`.
C:\Users\Ankita Singh\AppData\Roaming\Python\Python312\site-packages\pydantic\_internal\_fields.py:132: UserWarning: Field "model_id" in SpheronDeploymentCreate has conflict with protected namespace "model_".

You may be able to resolve this warning by setting `model_config['protected_namespaces'] = ()`.
  warnings.warn(
D:\projects\fine-tune\backend\main.py:30: DeprecationWarning: 
        on_event is deprecated, use lifespan event handlers instead.

        Read more about it in the
        [FastAPI docs for Lifespan Events](https://fastapi.tiangolo.com/advanced/events/).
        
  @app.on_event("startup")
D:\projects\fine-tune\backend\main.py:53: DeprecationWarning: 
        on_event is deprecated, use lifespan event handlers instead.

        Read more about it in the
        [FastAPI docs for Lifespan Events](https://fastapi.tiangolo.com/advanced/events/).
        
  @app.on_event("shutdown")
INFO:     Will watch for changes in these directories: ['D:\\projects\\fine-tune\\backend']
INFO:     Uvicorn running on http://0.0.0.0:8000 (Press CTRL+C to quit)
INFO:     Started reloader process [8288] using StatReload
2025-11-09 18:59:11.632049: I tensorflow/core/util/port.cc:153] oneDNN custom operations are on. You may see slightly different numerical results due to floating-point round-off errors from different computation orders. To turn them off, set the environment variable `TF_ENABLE_ONEDNN_OPTS=0`.
2025-11-09 18:59:13.393521: I tensorflow/core/util/port.cc:153] oneDNN custom operations are on. You may see slightly different numerical results due to floating-point round-off errors from different computation orders. To turn them off, set the environment variable `TF_ENABLE_ONEDNN_OPTS=0`.
C:\Users\Ankita Singh\AppData\Roaming\Python\Python312\site-packages\pydantic\_internal\_fields.py:132: UserWarning: Field "model_id" in SpheronDeploymentCreate has conflict with protected namespace "model_".

You may be able to resolve this warning by setting `model_config['protected_namespaces'] = ()`.
  warnings.warn(
INFO:     Started server process [12360]
INFO:     Waiting for application startup.
INFO:     Application startup complete.
INFO:     127.0.0.1:51230 - "GET / HTTP/1.1" 200 OK
INFO:     127.0.0.1:58718 - "GET /api/v1/auth/me HTTP/1.1" 401 Unauthorized
